// Jest Snapshot v1, https://goo.gl/fbAQLP

exports[`Accordion Component should render correctly 1`] = `
<ul
  className="sc-bdVaJa hwTUhO"
  onClick={[Function]}
>
  <div
    className="paper-ripple"
    onMouseDown={[Function]}
    onTouchStart={[Function]}
    style={
      Object {
        "bottom": 0,
        "left": 0,
        "opacity": 0.25,
        "overflow": "hidden",
        "position": "absolute",
        "right": 0,
        "top": 0,
      }
    }
  />
  <li>
    test
    <span
      className="sc-bwzfXH jvACAx"
    >
      <svg
        fill="none"
        height="16"
        id="i-chevron-bottom"
        stroke="currentcolor"
        strokeLinecap="round"
        strokeLinejoin="round"
        strokeWidth="2"
        viewBox="0 0 32 32"
        width="16"
      >
        <path
          d="M30 12 L16 24 2 12"
        />
      </svg>
    </span>
  </li>
</ul>
`;
